                          DECOMPRESSION CALCULATION PROGRAM
                        Developed in FORTRAN by Erik C. Baker
 
 
Program Run:    03-24-2010 at 03:40 pm                       Model: VPM-B
 
Description:    TRIMIX DIVE TO 80 MSW                                                 
 
Gasmix Summary:                        FO2    FHe    FN2
                          Gasmix # 1  0.150  0.450  0.400
 
 
                                    DIVE PROFILE
 
Seg-  Segm.  Run   | Gasmix | Ascent    From     To      Rate    | Constant
ment  Time   Time  |  Used  |   or     Depth   Depth    +Dn/-Up  |  Depth
  #   (min)  (min) |    #   | Descent  (mswg)  (mswg)  (msw/min) |  (mswg)
----- -----  ----- | ------ | -------  ------  ------  --------- | --------
  1     1.7    1.7 |    1   | Descent     0.     40.      23.0   |
  2    18.3   20.0 |    1   |                                    |    40.
  3     1.7   21.7 |    1   | Descent    40.     80.      23.0   |
  4    28.3   50.0 |    1   |                                    |    80.
 
 
                               DECOMPRESSION PROFILE
 
          Leading compartment enters the decompression zone at   65.1 mswg
                 Deepest possible decompression stop is   63.0 mswg
 
Seg-  Segm.  Run   | Gasmix | Ascent   Ascent   Col   |  DECO   STOP   RUN
ment  Time   Time  |  Used  |   To      Rate    Not   |  STOP   TIME   TIME
  #   (min)  (min) |    #   | (mswg) (msw/min)  Used  | (mswg)  (min)  (min)
----- -----  ----- | ------ | ------ --------- ------ | ------  -----  -----
  5     2.3   52.3 |    1   |   57.    -10.0          |
  6     0.7   53.0 |    1   |                         |    57      1     53
  7     0.3   53.3 |    1   |   54.    -10.0          |
  8     0.7   54.0 |    1   |                         |    54      1     54
  9     0.3   54.3 |    1   |   51.    -10.0          |
 10     1.7   56.0 |    1   |                         |    51      2     56
 11     0.3   56.3 |    1   |   48.    -10.0          |
 12     1.7   58.0 |    1   |                         |    48      2     58
 13     0.3   58.3 |    1   |   45.    -10.0          |
 14     1.7   60.0 |    1   |                         |    45      2     60
 15     0.3   60.3 |    1   |   42.    -10.0          |
 16     2.7   63.0 |    1   |                         |    42      3     63
 17     0.3   63.3 |    1   |   39.    -10.0          |
 18     2.7   66.0 |    1   |                         |    39      3     66
 19     0.3   66.3 |    1   |   36.    -10.0          |
 20     3.7   70.0 |    1   |                         |    36      4     70
 21     0.3   70.3 |    1   |   33.    -10.0          |
 22     5.7   76.0 |    1   |                         |    33      6     76
 23     0.3   76.3 |    1   |   30.    -10.0          |
 24     5.7   82.0 |    1   |                         |    30      6     82
 25     0.3   82.3 |    1   |   27.    -10.0          |
 26     7.7   90.0 |    1   |                         |    27      8     90
 27     0.3   90.3 |    1   |   24.    -10.0          |
 28     8.7   99.0 |    1   |                         |    24      9     99
 29     0.3   99.3 |    1   |   21.    -10.0          |
 30    12.7  112.0 |    1   |                         |    21     13    112
 31     0.3  112.3 |    1   |   18.    -10.0          |
 32    14.7  127.0 |    1   |                         |    18     15    127
 33     0.3  127.3 |    1   |   15.    -10.0          |
 34    21.7  149.0 |    1   |                         |    15     22    149
 35     0.3  149.3 |    1   |   12.    -10.0          |
 36    30.7  180.0 |    1   |                         |    12     31    180
 37     0.3  180.3 |    1   |    9.    -10.0          |
 38    45.7  226.0 |    1   |                         |     9     46    226
 39     0.3  226.3 |    1   |    6.    -10.0          |
 40    76.7  303.0 |    1   |                         |     6     77    303
 41     0.3  303.3 |    1   |    3.    -10.0          |
 42   147.7  451.0 |    1   |                         |     3    148    451
 43     0.3  451.3 |    1   |    0.    -10.0          |
 
