                          DECOMPRESSION CALCULATION PROGRAM
                        Developed in FORTRAN by Erik C. Baker
 
 
Program Run:    03-03-2010 at 03:59 pm                       Model: VPM-B
 
Description:    TRIMIX DIVE TO 80 MSW                                                 
 
Gasmix Summary:                        FO2    FHe    FN2
                          Gasmix # 1  0.150  0.450  0.400
 
 
                                    DIVE PROFILE
 
Seg-  Segm.  Run   | Gasmix | Ascent    From     To      Rate    | Constant
ment  Time   Time  |  Used  |   or     Depth   Depth    +Dn/-Up  |  Depth
  #   (min)  (min) |    #   | Descent  (mswg)  (mswg)  (msw/min) |  (mswg)
----- -----  ----- | ------ | -------  ------  ------  --------- | --------
  1     3.5    3.5 |    1   | Descent     0.     80.      23.0   |
  2    26.5   30.0 |    1   |                                    |    80.
 
 
                               DECOMPRESSION PROFILE
 
          Leading compartment enters the decompression zone at   64.8 mswg
                 Deepest possible decompression stop is   63.0 mswg
 
Seg-  Segm.  Run   | Gasmix | Ascent   Ascent   Col   |  DECO   STOP   RUN
ment  Time   Time  |  Used  |   To      Rate    Not   |  STOP   TIME   TIME
  #   (min)  (min) |    #   | (mswg) (msw/min)  Used  | (mswg)  (min)  (min)
----- -----  ----- | ------ | ------ --------- ------ | ------  -----  -----
  3     2.3   32.3 |    1   |   57.    -10.0          |
  4     0.7   33.0 |    1   |                         |    57      1     33
  5     0.3   33.3 |    1   |   54.    -10.0          |
  6     0.7   34.0 |    1   |                         |    54      1     34
  7     0.3   34.3 |    1   |   51.    -10.0          |
  8     0.7   35.0 |    1   |                         |    51      1     35
  9     0.3   35.3 |    1   |   48.    -10.0          |
 10     0.7   36.0 |    1   |                         |    48      1     36
 11     0.3   36.3 |    1   |   45.    -10.0          |
 12     1.7   38.0 |    1   |                         |    45      2     38
 13     0.3   38.3 |    1   |   42.    -10.0          |
 14     1.7   40.0 |    1   |                         |    42      2     40
 15     0.3   40.3 |    1   |   39.    -10.0          |
 16     1.7   42.0 |    1   |                         |    39      2     42
 17     0.3   42.3 |    1   |   36.    -10.0          |
 18     2.7   45.0 |    1   |                         |    36      3     45
 19     0.3   45.3 |    1   |   33.    -10.0          |
 20     3.7   49.0 |    1   |                         |    33      4     49
 21     0.3   49.3 |    1   |   30.    -10.0          |
 22     3.7   53.0 |    1   |                         |    30      4     53
 23     0.3   53.3 |    1   |   27.    -10.0          |
 24     4.7   58.0 |    1   |                         |    27      5     58
 25     0.3   58.3 |    1   |   24.    -10.0          |
 26     6.7   65.0 |    1   |                         |    24      7     65
 27     0.3   65.3 |    1   |   21.    -10.0          |
 28     8.7   74.0 |    1   |                         |    21      9     74
 29     0.3   74.3 |    1   |   18.    -10.0          |
 30    10.7   85.0 |    1   |                         |    18     11     85
 31     0.3   85.3 |    1   |   15.    -10.0          |
 32    14.7  100.0 |    1   |                         |    15     15    100
 33     0.3  100.3 |    1   |   12.    -10.0          |
 34    21.7  122.0 |    1   |                         |    12     22    122
 35     0.3  122.3 |    1   |    9.    -10.0          |
 36    31.7  154.0 |    1   |                         |     9     32    154
 37     0.3  154.3 |    1   |    6.    -10.0          |
 38    52.7  207.0 |    1   |                         |     6     53    207
 39     0.3  207.3 |    1   |    3.    -10.0          |
 40   103.7  311.0 |    1   |                         |     3    104    311
 41     0.3  311.3 |    1   |    0.    -10.0          |
 
