                          DECOMPRESSION CALCULATION PROGRAM
                        Developed in FORTRAN by Erik C. Baker
 
 
Program Run:    03-01-2010 at 07:24 pm                       Model: VPM-B
 
Description:    TRIMIX DIVE TO 260 FSW !Description of dive                           
 
Gasmix Summary:                        FO2    FHe    FN2
                          Gasmix # 1  0.150  0.450  0.400
 
 
                                    DIVE PROFILE
 
Seg-  Segm.  Run   | Gasmix | Ascent    From     To      Rate    | Constant
ment  Time   Time  |  Used  |   or     Depth   Depth    +Dn/-Up  |  Depth
  #   (min)  (min) |    #   | Descent  (fswg)  (fswg)  (fsw/min) |  (fswg)
----- -----  ----- | ------ | -------  ------  ------  --------- | --------
  1     3.5    3.5 |    1   | Descent     0.    260.      75.0   |
  2    26.5   30.0 |    1   |                                    |   260.
 
 
                               DECOMPRESSION PROFILE
 
          Leading compartment enters the decompression zone at  209.7 fswg
                 Deepest possible decompression stop is  200.0 fswg
 
Seg-  Segm.  Run   | Gasmix | Ascent   Ascent   Col   |  DECO   STOP   RUN
ment  Time   Time  |  Used  |   To      Rate    Not   |  STOP   TIME   TIME
  #   (min)  (min) |    #   | (fswg) (fsw/min)  Used  | (fswg)  (min)  (min)
----- -----  ----- | ------ | ------ --------- ------ | ------  -----  -----
  3     2.3   32.3 |    1   |  190.    -30.0          |
  4     0.7   33.0 |    1   |                         |   190      1     33
  5     0.3   33.3 |    1   |  180.    -30.0          |
  6     0.7   34.0 |    1   |                         |   180      1     34
  7     0.3   34.3 |    1   |  170.    -30.0          |
  8     0.7   35.0 |    1   |                         |   170      1     35
  9     0.3   35.3 |    1   |  160.    -30.0          |
 10     0.7   36.0 |    1   |                         |   160      1     36
 11     0.3   36.3 |    1   |  150.    -30.0          |
 12     1.7   38.0 |    1   |                         |   150      2     38
 13     0.3   38.3 |    1   |  140.    -30.0          |
 14     2.7   41.0 |    1   |                         |   140      3     41
 15     0.3   41.3 |    1   |  130.    -30.0          |
 16     2.7   44.0 |    1   |                         |   130      3     44
 17     0.3   44.3 |    1   |  120.    -30.0          |
 18     2.7   47.0 |    1   |                         |   120      3     47
 19     0.3   47.3 |    1   |  110.    -30.0          |
 20     3.7   51.0 |    1   |                         |   110      4     51
 21     0.3   51.3 |    1   |  100.    -30.0          |
 22     5.7   57.0 |    1   |                         |   100      6     57
 23     0.3   57.3 |    1   |   90.    -30.0          |
 24     6.7   64.0 |    1   |                         |    90      7     64
 25     0.3   64.3 |    1   |   80.    -30.0          |
 26     8.7   73.0 |    1   |                         |    80      9     73
 27     0.3   73.3 |    1   |   70.    -30.0          |
 28     9.7   83.0 |    1   |                         |    70     10     83
 29     0.3   83.3 |    1   |   60.    -30.0          |
 30    15.7   99.0 |    1   |                         |    60     16     99
 31     0.3   99.3 |    1   |   50.    -30.0          |
 32    21.7  121.0 |    1   |                         |    50     22    121
 33     0.3  121.3 |    1   |   40.    -30.0          |
 34    31.7  153.0 |    1   |                         |    40     32    153
 35     0.3  153.3 |    1   |   30.    -30.0          |
 36    51.7  205.0 |    1   |                         |    30     52    205
 37     0.3  205.3 |    1   |   20.    -30.0          |
 38   776.7  982.0 |    1   |                         |    20    777    982
 39     2.0  984.0 |    1   |    0.    -10.0          |
 
REPETITIVE DIVE:
 
                          DECOMPRESSION CALCULATION PROGRAM
                        Developed in FORTRAN by Erik C. Baker
 
 
Program Run:    03-01-2010 at 07:24 pm                       Model: VPM-B
 
Description:    TRIMIX DIVE TO 260 FSW !Description of dive                           
 
Gasmix Summary:                        FO2    FHe    FN2
                          Gasmix # 1  0.150  0.450  0.400
                          Gasmix # 2  0.360  0.000  0.640
                          Gasmix # 3  1.000  0.000  0.000
 
 
                                    DIVE PROFILE
 
Seg-  Segm.  Run   | Gasmix | Ascent    From     To      Rate    | Constant
ment  Time   Time  |  Used  |   or     Depth   Depth    +Dn/-Up  |  Depth
  #   (min)  (min) |    #   | Descent  (fswg)  (fswg)  (fsw/min) |  (fswg)
----- -----  ----- | ------ | -------  ------  ------  --------- | --------
  1     3.5    3.5 |    1   | Descent     0.    260.      75.0   |
  2    26.5   30.0 |    1   |                                    |   260.
 
 
                               DECOMPRESSION PROFILE
 
          Leading compartment enters the decompression zone at  209.7 fswg
                 Deepest possible decompression stop is  200.0 fswg
 
Seg-  Segm.  Run   | Gasmix | Ascent   Ascent   Col   |  DECO   STOP   RUN
ment  Time   Time  |  Used  |   To      Rate    Not   |  STOP   TIME   TIME
  #   (min)  (min) |    #   | (fswg) (fsw/min)  Used  | (fswg)  (min)  (min)
----- -----  ----- | ------ | ------ --------- ------ | ------  -----  -----
  3     2.3   32.3 |    1   |  190.    -30.0          |
  4     0.7   33.0 |    1   |                         |   190      1     33
  5     0.3   33.3 |    1   |  180.    -30.0          |
  6     0.7   34.0 |    1   |                         |   180      1     34
  7     0.3   34.3 |    1   |  170.    -30.0          |
  8     0.7   35.0 |    1   |                         |   170      1     35
  9     0.3   35.3 |    1   |  160.    -30.0          |
 10     0.7   36.0 |    1   |                         |   160      1     36
 11     0.3   36.3 |    1   |  150.    -30.0          |
 12     1.7   38.0 |    1   |                         |   150      2     38
 13     0.3   38.3 |    1   |  140.    -30.0          |
 14     2.7   41.0 |    1   |                         |   140      3     41
 15     0.3   41.3 |    1   |  130.    -30.0          |
 16     1.7   43.0 |    1   |                         |   130      2     43
 17     0.3   43.3 |    1   |  120.    -30.0          |
 18     3.7   47.0 |    1   |                         |   120      4     47
 19     0.3   47.3 |    1   |  110.    -30.0          |
 20     1.7   49.0 |    2   |                         |   110      2     49
 21     0.3   49.3 |    2   |  100.    -30.0          |
 22     1.7   51.0 |    2   |                         |   100      2     51
 23     0.3   51.3 |    2   |   90.    -30.0          |
 24     1.7   53.0 |    2   |                         |    90      2     53
 25     0.3   53.3 |    2   |   80.    -30.0          |
 26     2.7   56.0 |    2   |                         |    80      3     56
 27     0.3   56.3 |    2   |   70.    -30.0          |
 28     4.7   61.0 |    2   |                         |    70      5     61
 29     0.3   61.3 |    2   |   60.    -30.0          |
 30     4.7   66.0 |    2   |                         |    60      5     66
 31     0.3   66.3 |    2   |   50.    -30.0          |
 32     7.7   74.0 |    2   |                         |    50      8     74
 33     0.3   74.3 |    2   |   40.    -30.0          |
 34     9.7   84.0 |    2   |                         |    40     10     84
 35     0.3   84.3 |    2   |   30.    -30.0          |
 36    16.7  101.0 |    2   |                         |    30     17    101
 37     0.3  101.3 |    2   |   20.    -30.0          |
 38    95.7  197.0 |    3   |                         |    20     96    197
 39     2.0  199.0 |    3   |    0.    -10.0          |
 
